P01_TSMOM        TS H4  gross S=-0.01 t=-0.03 | net S=-0.98 t=-1.93 | turn/d=1.39 ic=-0.0161
P01_TSMOM        CS H4  gross S=+1.64 t=+3.18 | net S=-1.76 t=-3.35 | turn/d=2.84 ic=-0.0161
P01_TSMOM        TS H24 gross S=+0.20 t=+0.41 | net S=-0.27 t=-0.57 | turn/d=0.60 ic=-0.0082
P01_TSMOM        CS H24 gross S=+0.88 t=+1.73 | net S=-0.63 t=-1.22 | turn/d=1.12 ic=-0.0082
P02_XS_RS7D      TS H4  gross S=+0.68 t=+1.39 | net S=+0.21 t=+0.43 | turn/d=0.70 ic=-0.0073
P02_XS_RS7D      CS H4  gross S=+1.16 t=+2.26 | net S=-0.70 t=-1.36 | turn/d=1.46 ic=-0.0073
P02_XS_RS7D      TS H24 gross S=+0.50 t=+1.06 | net S=+0.27 t=+0.57 | turn/d=0.30 ic=-0.0127
P02_XS_RS7D      CS H24 gross S=+0.63 t=+1.26 | net S=-0.13 t=-0.26 | turn/d=0.59 ic=-0.0127
P03_REV4H        TS H4  gross S=+0.09 t=+0.20 | net S=-3.58 t=-7.84 | turn/d=4.32 ic=+0.0317
P03_REV4H        CS H4  gross S=-0.97 t=-1.90 | net S=-13.34 t=-26.64 | turn/d=8.47 ic=+0.0317
P03_REV4H        TS H24 gross S=+0.10 t=+0.21 | net S=-1.13 t=-2.43 | turn/d=0.72 ic=+0.0091
P03_REV4H        CS H24 gross S=-1.57 t=-3.23 | net S=-5.62 t=-11.57 | turn/d=1.40 ic=+0.0091
P04_VOLCOMP_BRK  TS H4  gross S=+1.11 t=+2.00 | net S=-0.59 t=-1.09 | turn/d=0.27 ic=-0.0217
P04_VOLCOMP_BRK  CS H4  gross S=+0.38 t=+0.73 | net S=-7.07 t=-13.20 | turn/d=1.31 ic=-0.0217
P04_VOLCOMP_BRK  TS H24 gross S=+0.55 t=+1.08 | net S=-0.00 t=-0.00 | turn/d=0.05 ic=+0.0228
P04_VOLCOMP_BRK  CS H24 gross S=+0.13 t=+0.24 | net S=-2.83 t=-5.10 | turn/d=0.23 ic=+0.0228
P05_BRK_PERSIST  TS H4  gross S=+0.65 t=+1.29 | net S=-0.56 t=-1.11 | turn/d=1.82 ic=-0.0155
P05_BRK_PERSIST  CS H4  gross S=+2.27 t=+4.44 | net S=-3.09 t=-5.92 | turn/d=3.85 ic=-0.0155
P05_BRK_PERSIST  TS H24 gross S=+0.47 t=+0.98 | net S=-0.11 t=-0.23 | turn/d=0.75 ic=-0.0082
P05_BRK_PERSIST  CS H24 gross S=+1.26 t=+2.36 | net S=-0.75 t=-1.40 | turn/d=1.20 ic=-0.0082
P06_FUND_CARRY   TS H4  gross S=-0.44 t=-0.87 | net S=-0.38 t=-0.75 | turn/d=0.17 ic=+0.0167
P06_FUND_CARRY   CS H4  gross S=+0.51 t=+0.95 | net S=+0.12 t=+0.22 | turn/d=0.46 ic=+0.0167
P06_FUND_CARRY   TS H24 gross S=-0.43 t=-0.86 | net S=-0.35 t=-0.71 | turn/d=0.14 ic=+0.0366
P06_FUND_CARRY   CS H24 gross S=+0.45 t=+0.83 | net S=+0.24 t=+0.44 | turn/d=0.33 ic=+0.0366
P07_PREMIUM      TS H4  gross S=-0.24 t=-0.50 | net S=-2.10 t=-4.41 | turn/d=2.65 ic=+0.0113
P07_PREMIUM      CS H4  gross S=+0.80 t=+1.64 | net S=-8.62 t=-17.58 | turn/d=5.98 ic=+0.0113
P07_PREMIUM      TS H24 gross S=-0.26 t=-0.57 | net S=-0.62 t=-1.37 | turn/d=0.55 ic=+0.0155
P07_PREMIUM      CS H24 gross S=+0.76 t=+1.46 | net S=-1.62 t=-3.12 | turn/d=1.19 ic=+0.0155
P08_OI_PRICE     TS H4  gross S=+1.38 t=+2.82 | net S=-1.45 t=-2.97 | turn/d=2.36 ic=-0.0074
P08_OI_PRICE     CS H4  gross S=+0.82 t=+1.57 | net S=-6.41 t=-12.22 | turn/d=4.83 ic=-0.0074
P08_OI_PRICE     TS H24 gross S=+0.71 t=+1.60 | net S=-0.37 t=-0.84 | turn/d=0.69 ic=-0.0212
P08_OI_PRICE     CS H24 gross S=+0.05 t=+0.11 | net S=-2.55 t=-5.17 | turn/d=1.33 ic=-0.0212
P09_OI_FLUSH     TS H4  gross S=+0.28 t=+0.73 | net S=-0.53 t=-1.40 | turn/d=0.24 ic=+0.0295
P09_OI_FLUSH     CS H4  gross S=+0.40 t=+0.82 | net S=-4.75 t=-9.55 | turn/d=1.24 ic=+0.0295
P09_OI_FLUSH     TS H24 gross S=+0.65 t=+1.50 | net S=+0.31 t=+0.72 | turn/d=0.05 ic=-0.0285
P09_OI_FLUSH     CS H24 gross S=-1.10 t=-2.35 | net S=-3.28 t=-6.82 | turn/d=0.22 ic=-0.0285
P10_TAKER_IMB    TS H4  gross S=-0.20 t=-0.44 | net S=-4.02 t=-8.50 | turn/d=4.48 ic=-0.0053
P10_TAKER_IMB    CS H4  gross S=+0.92 t=+1.78 | net S=-13.98 t=-26.73 | turn/d=8.05 ic=-0.0053
P10_TAKER_IMB    TS H24 gross S=-0.47 t=-1.05 | net S=-1.26 t=-2.82 | turn/d=0.75 ic=+0.0064
P10_TAKER_IMB    CS H24 gross S=+0.23 t=+0.42 | net S=-4.17 t=-7.66 | turn/d=1.35 ic=+0.0064
P11_LIQ_SHOCK    TS H4  gross S=-0.42 t=-0.93 | net S=-2.53 t=-5.54 | turn/d=0.83 ic=+0.0043
P11_LIQ_SHOCK    CS H4  gross S=-0.61 t=-1.27 | net S=-8.63 t=-17.02 | turn/d=2.95 ic=+0.0043
P11_LIQ_SHOCK    TS H24 gross S=+0.00 t=+0.01 | net S=-0.89 t=-2.18 | turn/d=0.14 ic=+0.0255
P11_LIQ_SHOCK    CS H24 gross S=-0.05 t=-0.10 | net S=-3.47 t=-7.30 | turn/d=0.50 ic=+0.0255
P12_LEADLAG_BTC  TS H4  gross S=+0.24 t=+0.50 | net S=-5.00 t=-10.57 | turn/d=3.85 ic=+0.0268
P12_LEADLAG_BTC  CS H4  gross S=-0.92 t=-1.77 | net S=-16.02 t=-31.11 | turn/d=8.44 ic=+0.0268
P12_LEADLAG_BTC  TS H24 gross S=+0.31 t=+0.64 | net S=-1.79 t=-3.67 | turn/d=0.63 ic=+0.0165
P12_LEADLAG_BTC  CS H24 gross S=-1.54 t=-3.10 | net S=-7.07 t=-14.21 | turn/d=1.39 ic=+0.0165
P13_SEASON_HOD   TS H4  gross S=+0.61 t=+1.18 | net S=-3.62 t=-6.99 | turn/d=5.05 ic=+0.0200
P13_SEASON_HOD   CS H4  gross S=+2.80 t=+5.30 | net S=-12.44 t=-23.49 | turn/d=8.39 ic=+0.0200
P13_SEASON_HOD   TS H24 gross S=+0.45 t=+0.93 | net S=+0.33 t=+0.68 | turn/d=0.11 ic=+0.0033
P13_SEASON_HOD   CS H24 gross S=-0.05 t=-0.09 | net S=-0.39 t=-0.73 | turn/d=0.25 ic=+0.0033
P14_VRP_DVOL     TS H4  gross S=+0.02 t=+0.04 | net S=-0.20 t=-0.38 | turn/d=0.07 ic=+0.0087
P14_VRP_DVOL     TS H24 gross S=+0.21 t=+0.40 | net S=+0.09 t=+0.17 | turn/d=0.04 ic=+0.0235
P15_FUND_DIV     TS H4  gross S=+0.56 t=+1.11 | net S=+0.02 t=+0.05 | turn/d=0.51 ic=+0.0127
P15_FUND_DIV     CS H4  gross S=+0.64 t=+1.18 | net S=-1.45 t=-2.69 | turn/d=1.31 ic=+0.0127
P15_FUND_DIV     TS H24 gross S=+0.52 t=+1.06 | net S=+0.14 t=+0.29 | turn/d=0.33 ic=+0.0222
P15_FUND_DIV     CS H24 gross S=+0.22 t=+0.40 | net S=-1.13 t=-2.10 | turn/d=0.78 ic=+0.0222
finished
