tuning jobs 108 specs 93
  10/108 jobs  29s
  20/108 jobs  72s
  30/108 jobs  119s
  40/108 jobs  172s
  50/108 jobs  222s
  60/108 jobs  282s
  70/108 jobs  342s
  80/108 jobs  404s
  90/108 jobs  475s
  100/108 jobs  526s
{
 "OLDEST_SLOT": {
  "min_hold": 12
 },
 "UNCERTAINTY_LCB": {
  "k": 0.5,
  "kappa": 25.0
 },
 "SLOTHOUR_DENSITY": {
  "h0": 24.0
 },
 "SLOTHOUR_HAZARD": {
  "h0": 2.0,
  "tau": 1.0
 },
 "SHADOW_PRICE": {
  "eta": 0.1,
  "target": 0.95
 },
 "ONLINE_KNAPSACK_PSI": {
  "L": 0.25,
  "U": 1.5
 },
 "FLUID_QUANTILE": {
  "h0": 2.0,
  "s": 1.3
 },
 "TRUNK_RESERVATION": {
  "q": 0.5,
  "r": 1
 },
 "CLUSTER_CAP": {
  "f": 0.75
 },
 "CORR_PENALTY": {
  "g": 0.005
 },
 "MARGINAL_RISK": {
  "g": 0.05
 },
 "CORR_HARD_REJECT": {
  "rho": 0.95
 },
 "EVICT_SWAP": {
  "M": 1.5,
  "mh": 12
 },
 "LINUCB": {
  "alpha": 0.6
 },
 "LIN_TS": {
  "alpha": 0.6
 },
 "SLEEPING_HEDGE": {
  "eta": 0.05,
  "zeta": 8.0
 },
 "COMPOSED": {
  "g": 0.0,
  "h0": 2.0,
  "k": 0.5,
  "s": 1.2,
  "tau": 6.0
 }
}
