/home/user/aurumshift-external-research-lab/bench/ensemble_v1/py/adjudicate.py:30: Pandas4Warning: Starting with pandas version 4.0 all arguments of min will be keyword-only.
  allm = BASE + CAND; best_s = NR[allm].min(1)
                    mean_nrm  median_nrm  worst_nrm  worst_gap_to_best                                                                                                                                                      worse_than_equal new_share_ratio  G_new  rare_nrm rare_share_ratio G_rare under_pre under_post G_under  dorm_pre dorm_post reentry_nrm G_dorm G_noworse gap_ok ROBUST
method                                                                                                                                                                                                                                                                                                                                                                                           
EQUAL                  1.000       1.000      1.000              1.273                                                                                                                                                                              0.244535  False       1.0         0.155235  False       1.0        1.0    True       1.0       1.0         1.0  False      True  False  False
STATIC                 0.923       0.910      1.242              1.515                                                                                                                                                         S6_CORRELATED        0.268332  False  0.909895          0.19558  False   0.91737   0.882998    True  0.780534  0.767082    0.706953  False     False  False  False
WTA                    2.416       3.035      3.340              3.308                            S0_BASE_CLEAN;S1_SEMANTICS_GAPS;S2_LEADERSHIP;S4a_NEW_GOOD;S4b_NEW_BAD;S5_RETIRE_RETURN;S6_CORRELATED;S7_TEMP_UNDERPERF;S8_RARE_SPECIALIST        1.359829  False  0.188548         1.016118   True  3.234642   3.411498   False  0.361822  0.559458    0.692767  False     False  False  False
EWMA                   0.548       0.575      0.975              0.304                                                                                                                                                                              0.492819  False    1.2352         0.177019  False   0.66139   0.679937    True  0.582955  0.628146    0.565255   True      True  False  False
SLEEP_HEDGE            0.725       0.849      0.925              1.122                                                                                                                                                                              0.264747  False  0.865963         0.213951  False  3.113518   3.211633    True  0.289317  0.429663    0.310166   True      True  False  False
EG                     0.487       0.572      0.738              0.149                                                                                                                                                                              0.306408  False  0.735761         0.223483  False  0.751797   0.752147    True  0.330439  0.207115    0.255294   True      True   True  False
BMA                    0.744       0.876      0.986              0.915                                                                                                                                                                              0.248315  False  0.859836         0.206484  False  0.900805   1.399523   False   0.31293  0.208492    0.338546   True      True  False  False
SLEEP_FLOOR            0.682       0.751      0.844              1.085                                                                                                                                                                              0.260705  False  0.845571         0.202208  False  0.857478   0.896923    True  0.386077  0.218663    0.316964   True      True  False  False
FIXED_SHARE            0.494       0.569      0.791              0.387                                                                                                                                                                              0.642906   True   0.89457         0.289474  False   0.70122   0.722376    True  0.091289  0.425425    0.308925  False      True  False  False
DISC_AWAKE             0.558       0.611      0.742              0.519                                                                                                                                                                               0.40629  False   0.64544         0.351626  False  0.636982   0.579361    True  0.532159  0.586825    0.476529   True      True  False  False
MPP                    0.576       0.614      0.829              0.566                                                                                                                                                                              0.575886   True  1.184302         0.263834  False  0.710831   0.717553    True  0.230009  0.358927    0.486903   True      True  False  False
CONTEXT_MIX            0.689       0.606      1.726              1.999                                                                                                                                                         S6_CORRELATED        0.308891  False  0.263294         0.689115   True  0.618596   1.388165   False  0.114564  0.212249    0.304417   True     False  False  False
DIVERSITY              0.679       0.753      0.819              0.571                                                                                                                                                                               0.36912  False  0.918807         0.211258  False  0.767147   0.829194    True  0.740472  0.807258    0.797579  False      True  False  False
DISC_CLOCK             0.653       0.682      0.867              0.534                                                                                                                                                                              0.496414  False   1.03154          0.28244  False   0.74783   0.763622    True  0.558714  0.624108    0.630476  False      True  False  False
HEDGE_CUM              0.718       0.646      1.675              1.138                                                                                                                                                      S5_RETIRE_RETURN        0.442087  False  0.077113         0.953717   True  0.546543   0.514522    True  0.549167  0.170199    0.272337   True     False  False  False
EXP3                   3.836       4.118      7.299                NaN                S0_BASE_CLEAN;S1_SEMANTICS_GAPS;S2_LEADERSHIP;S4a_NEW_GOOD;S4b_NEW_BAD;S5_RETIRE_RETURN;S6_CORRELATED;S7_TEMP_UNDERPERF;S8_RARE_SPECIALIST;S9_LONG_GAP             NaN    NaN       NaN              NaN    NaN       NaN        NaN     NaN       NaN       NaN         NaN    NaN       NaN    NaN    NaN
EPS_GREEDY             3.357       3.419      4.337                NaN  S0_BASE_CLEAN;S1_SEMANTICS_GAPS;S2_LEADERSHIP;S3_RECURRENCE;S4a_NEW_GOOD;S4b_NEW_BAD;S5_RETIRE_RETURN;S6_CORRELATED;S7_TEMP_UNDERPERF;S8_RARE_SPECIALIST;S9_LONG_GAP             NaN    NaN       NaN              NaN    NaN       NaN        NaN     NaN       NaN       NaN         NaN    NaN       NaN    NaN    NaN
EWMA_INACTIVE_NEG      1.155       1.247      2.260                NaN                                                                         S0_BASE_CLEAN;S1_SEMANTICS_GAPS;S3_RECURRENCE;S4b_NEW_BAD;S5_RETIRE_RETURN;S8_RARE_SPECIALIST             NaN    NaN       NaN              NaN    NaN       NaN        NaN     NaN       NaN       NaN         NaN    NaN       NaN    NaN    NaN
EWMA_MISSING_NEG       0.689       0.575      2.526                NaN                                                                                                                                                     S1_SEMANTICS_GAPS             NaN    NaN       NaN              NaN    NaN       NaN        NaN     NaN       NaN       NaN         NaN    NaN       NaN    NaN    NaN
SLEEP_INACTIVE_NEG     1.346       1.331      2.044                NaN                              S0_BASE_CLEAN;S1_SEMANTICS_GAPS;S3_RECURRENCE;S4a_NEW_GOOD;S4b_NEW_BAD;S5_RETIRE_RETURN;S7_TEMP_UNDERPERF;S8_RARE_SPECIALIST;S9_LONG_GAP             NaN    NaN       NaN              NaN    NaN       NaN        NaN     NaN       NaN       NaN         NaN    NaN       NaN    NaN    NaN
SLEEP_MISSING_NEG      0.835       0.849      2.078                NaN                                                                                                                                                     S1_SEMANTICS_GAPS             NaN    NaN       NaN              NaN    NaN       NaN        NaN     NaN       NaN       NaN         NaN    NaN       NaN    NaN    NaN
EG_NOMASS              0.558       0.611      0.989                NaN                                                                                                                                                                                   NaN    NaN       NaN              NaN    NaN       NaN        NaN     NaN       NaN       NaN         NaN    NaN       NaN    NaN    NaN
SLEEP_NOMASS           1.010       0.770      2.863                NaN                                                                                                                        S1_SEMANTICS_GAPS;S4b_NEW_BAD;S5_RETIRE_RETURN             NaN    NaN       NaN              NaN    NaN       NaN        NaN     NaN       NaN       NaN         NaN    NaN       NaN    NaN    NaN
{
 "spearman_tuning_vs_heldout": 0.9714285714285713,
 "robust_set": [],
 "families_needed": {
  "core": [
   "S6_CORRELATED"
  ],
  "tracking": [
   "S3_RECURRENCE"
  ],
  "context": [],
  "diversity": []
 },
 "best_baseline": "EWMA",
 "best_candidate": "EG",
 "verdict": "NO_ROBUST_ENSEMBLE_METHOD"
}
