done 177 s
CtxOracle      0.01040 {"eta": 10, "n0": 30} edge=['eta=10(min)', 'n0=30(min)']
DiscFreeze     0.01095 {"eta": 30, "gamma": 0.98} edge=['eta=30(max)', 'gamma=0.98(min)']
WTA            0.01151 {"a": 0.05} edge=[]
DiscAmnesty    0.01157 {"eta": 30, "gamma": 0.99} edge=['eta=30(max)', 'gamma=0.99(min)']
SleepEG        0.01238 {"eta": 60} edge=[]
CtxLag         0.01251 {"eta": 10, "n0": 30} edge=['eta=10(min)', 'n0=30(min)']
DivSH          0.01251 {"tau": 0.3} edge=['tau=0.3(min)']
SleepHedge     0.01251 {"eta": 100} edge=['eta=100(max)']
BMA            0.01262 {"kappa": 150, "lam": 0.97, "opt": 0.03} edge=['kappa=150(max)', 'lam=0.97(min)', 'opt=0.03(max)']
DivEWMA        0.01361 {"tau": 0.3} edge=['tau=0.3(min)']
EWMA           0.01390 {"a": 0.05, "beta": 100} edge=['beta=100(max)']
FixedShare     0.01443 {"alpha": 0.002, "eta": 10} edge=['alpha=0.002(min)', 'eta=10(min)']
CtxNoisy       0.01535 {"eta": 10, "n0": 30} edge=['eta=10(min)', 'n0=30(min)']
HedgePlain     0.01761 {"eta": 30} edge=['eta=30(max)']
DUCB           0.01812 {"c": 0.2, "gamma": 0.98} edge=['c=0.2(max)', 'gamma=0.98(min)']
EWMA_bounded   0.02578 {"a": 0.05, "beta": 100, "floor": 0.1} edge=['a=0.05(min)', 'beta=100(max)', 'floor=0.1(min)']
Static         0.03029 {"C": 150, "kappa": 60} edge=['C=150(min)', 'kappa=60(max)']
SH_bounded     0.03068 {"B": 4.0, "eta": 10, "floor": 0.05} edge=['B=4.0(max)', 'eta=10(min)', 'floor=0.05(min)']
SleepEXP3      0.05959 {"eta": 0.1, "gamma": 0.1} edge=['gamma=0.1(max)']
Equal          0.06331 {} edge=[]
