done 374 s
CtxOracle      0.00843 {"eta": 5, "n0": 10} edge=['n0=10(min)']
DiscFreeze     0.01049 {"eta": 100, "gamma": 0.95} edge=['eta=100(max)', 'gamma=0.95(min)']
CtxLag         0.01060 {"eta": 5, "n0": 10} edge=['n0=10(min)']
BMA            0.01081 {"kappa": 600, "lam": 0.95, "opt": 0.1} edge=['kappa=600(max)', 'opt=0.1(max)']
DiscAmnesty    0.01141 {"eta": 100, "gamma": 0.98} edge=['eta=100(max)']
WTA            0.01151 {"a": 0.05} edge=[]
DivEWMA        0.01157 {"tau": 0.1} edge=['tau=0.1(min)']
EWMA           0.01166 {"a": 0.05, "beta": 400} edge=['beta=400(max)']
SleepEG        0.01238 {"eta": 60} edge=[]
DivSH          0.01251 {"tau": 0.1} edge=['tau=0.1(min)']
SleepHedge     0.01251 {"eta": 400} edge=['eta=400(max)']
FixedShare     0.01326 {"alpha": 0.0005, "eta": 10} edge=['alpha=0.0005(min)']
CtxNoisy       0.01452 {"eta": 5, "n0": 10} edge=['n0=10(min)']
HedgePlain     0.01761 {"eta": 300} edge=['eta=300(max)']
DUCB           0.01812 {"c": 0.2, "gamma": 0.98} edge=[]
EWMA_bounded   0.02314 {"a": 0.05, "beta": 100, "floor": 0.02} edge=['floor=0.02(min)']
Static         0.02467 {"C": 150, "kappa": 400} edge=['kappa=400(max)']
SH_bounded     0.02542 {"B": 10.0, "eta": 10, "floor": 0.0} edge=['B=10.0(max)', 'floor=0.0(min)']
SleepEXP3      0.05891 {"eta": 0.2, "gamma": 0.2} edge=[]
Equal          0.06331 {} edge=[]
