
### Track C — mean excess KL (nats/step) vs generating probability, held-out seeds n=15, mean ± sd

| model | abrupt | gradual | recurring | shock | random_walk | abrupt_missing | abrupt_delayed | abrupt_nonlinear | stationary | false_drift | drift-geomean ratio vs rolling |
|---|---|---|---|---|---|---|---|---|---|---|---|
| adwin_bag | 0.172±0.026 | 0.160±0.035 | 0.190±0.009 | 0.073±0.011 | 0.146±0.032 | 0.273±0.045 | 0.187±0.027 | 0.339±0.008 | 0.058±0.007 | 0.098±0.013 | 2.61 [2.53,2.70] |
| arf | 0.196±0.016 | 0.208±0.014 | 0.253±0.011 | 0.161±0.020 | 0.214±0.011 | 0.251±0.015 | 0.217±0.016 | 0.309±0.018 | 0.154±0.016 | 0.168±0.016 | 3.32 [3.26,3.38] |
| bank_sgd_log | 0.038±0.004 | 0.026±0.002 | 0.052±0.010 | 0.031±0.003 | 0.048±0.004 | 0.098±0.014 | 0.066±0.004 | 0.319±0.005 | 0.009±0.001 | 0.012±0.002 | 0.88 [0.87,0.90] |
| batch | 0.256±0.007 | 0.222±0.009 | 0.270±0.008 | 0.032±0.003 | 0.170±0.034 | 0.401±0.018 | 0.280±0.009 | 0.341±0.005 | 0.003±0.001 | 0.004±0.001 | 3.07 [3.02,3.11] |
| frozen | 0.556±0.058 | 0.538±0.054 | 0.557±0.049 | 0.036±0.004 | 0.388±0.125 | 0.620±0.050 | 0.569±0.046 | 0.383±0.018 | 0.009±0.002 | 0.013±0.006 | 5.40 [5.26,5.54] |
| hat | 0.163±0.019 | 0.162±0.043 | 0.244±0.014 | 0.105±0.020 | 0.173±0.026 | 0.315±0.050 | 0.202±0.028 | 0.369±0.016 | 0.076±0.018 | 0.138±0.032 | 2.99 [2.90,3.08] |
| ht | 0.205±0.031 | 0.181±0.038 | 0.230±0.022 | 0.090±0.008 | 0.165±0.035 | 0.303±0.026 | 0.228±0.026 | 0.365±0.015 | 0.072±0.006 | 0.129±0.025 | 3.04 [2.97,3.12] |
| pa_platt | 0.054±0.005 | 0.034±0.003 | 0.124±0.006 | 0.032±0.003 | 0.057±0.006 | 0.148±0.015 | 0.087±0.006 | 0.316±0.005 | 0.010±0.001 | 0.012±0.002 | 1.20 [1.18,1.21] |
| pa_raw | 0.059±0.004 | 0.051±0.003 | 0.073±0.004 | 0.062±0.003 | 0.061±0.003 | 0.073±0.009 | 0.081±0.004 | 0.385±0.007 | 0.049±0.005 | 0.053±0.003 | 1.21 [1.19,1.23] |
| reset_sgd_log | 0.036±0.003 | 0.026±0.002 | 0.078±0.004 | 0.039±0.004 | 0.048±0.004 | 0.087±0.014 | 0.062±0.004 | 0.319±0.005 | 0.010±0.002 | 0.019±0.005 | 0.93 [0.92,0.94] |
| rolling **(ref)** | 0.042±0.003 | 0.022±0.002 | 0.097±0.007 | 0.039±0.002 | 0.053±0.006 | 0.097±0.013 | 0.070±0.004 | 0.321±0.006 | 0.014±0.002 | 0.016±0.002 | 1.00 [1.00,1.00] |
| sgd_log | 0.038±0.003 | 0.027±0.002 | 0.063±0.004 | 0.041±0.003 | 0.041±0.003 | 0.068±0.014 | 0.069±0.005 | 0.355±0.006 | 0.024±0.002 | 0.037±0.003 | 0.90 [0.89,0.91] |
| sgd_log_platt | 0.039±0.003 | 0.026±0.002 | 0.092±0.004 | 0.028±0.002 | 0.049±0.004 | 0.103±0.014 | 0.070±0.005 | 0.318±0.005 | 0.010±0.001 | 0.012±0.002 | 0.96 [0.96,0.97] |

### Track R — mean excess MSE vs true conditional mean, held-out seeds n=15, mean ± sd

| model | abrupt | gradual | recurring | shock | random_walk | abrupt_missing | abrupt_delayed | abrupt_nonlinear | stationary | false_drift | drift-geomean ratio vs rolling |
|---|---|---|---|---|---|---|---|---|---|---|---|
| arf | 0.460±0.017 | 0.383±0.031 | 0.599±0.028 | 0.231±0.018 | 0.394±0.058 | 0.699±0.037 | 0.516±0.016 | 2.170±0.157 | 0.175±0.010 | 0.688±0.055 | 5.16 [5.07,5.26] |
| bank_rls | 0.058±0.006 | 0.052±0.005 | 0.090±0.007 | 0.041±0.004 | 0.147±0.020 | 0.182±0.029 | 0.114±0.009 | 2.356±0.094 | 0.001±0.000 | 0.014±0.005 | 1.23 [1.21,1.25] |
| batch | 0.622±0.024 | 0.532±0.016 | 0.658±0.017 | 0.059±0.007 | 0.391±0.103 | 0.921±0.034 | 0.672±0.019 | 2.446±0.098 | 0.001±0.001 | 0.003±0.001 | 5.15 [5.07,5.25] |
| blr | 0.038±0.002 | 0.022±0.002 | 0.069±0.005 | 0.049±0.003 | 0.040±0.003 | 0.075±0.014 | 0.095±0.010 | 2.544±0.102 | 0.021±0.001 | 0.048±0.006 | 0.78 [0.77,0.78] |
| frozen | 1.133±0.054 | 1.077±0.034 | 1.140±0.031 | 0.061±0.007 | 0.802±0.255 | 1.155±0.050 | 1.186±0.044 | 2.624±0.091 | 0.004±0.002 | 0.010±0.004 | 7.93 [7.74,8.16] |
| hat | 0.089±0.035 | 0.100±0.032 | 0.185±0.057 | 0.092±0.010 | 0.210±0.026 | 0.156±0.036 | 0.145±0.021 | 1.991±0.382 | 0.048±0.003 | 0.880±0.132 | 1.73 [1.67,1.82] |
| kalman | 0.055±0.004 | 0.021±0.002 | 0.147±0.005 | 0.050±0.004 | 0.061±0.008 | 0.163±0.021 | 0.111±0.008 | 2.368±0.093 | 0.007±0.001 | 0.028±0.005 | 1.05 [1.04,1.06] |
| par_reg | 0.070±0.007 | 0.030±0.003 | 0.153±0.011 | 0.067±0.005 | 0.054±0.005 | 0.170±0.026 | 0.126±0.011 | 2.340±0.089 | 0.027±0.001 | 0.111±0.008 | 1.18 [1.17,1.19] |
| reset_rls | 0.052±0.007 | 0.043±0.011 | 0.148±0.009 | 0.052±0.010 | 0.129±0.016 | 0.170±0.029 | 0.109±0.009 | 2.350±0.093 | 0.002±0.001 | 0.017±0.006 | 1.25 [1.22,1.28] |
| rls | 0.042±0.003 | 0.016±0.001 | 0.101±0.006 | 0.048±0.004 | 0.046±0.005 | 0.112±0.017 | 0.098±0.009 | 2.416±0.095 | 0.011±0.001 | 0.027±0.006 | 0.85 [0.84,0.85] |
| rolling **(ref)** | 0.051±0.006 | 0.018±0.002 | 0.123±0.007 | 0.072±0.006 | 0.058±0.006 | 0.119±0.019 | 0.106±0.009 | 2.473±0.106 | 0.015±0.001 | 0.031±0.006 | 1.00 [1.00,1.00] |
| sgd_lin | 0.056±0.003 | 0.021±0.002 | 0.151±0.003 | 0.050±0.004 | 0.063±0.008 | 0.166±0.023 | 0.113±0.006 | 2.369±0.094 | 0.006±0.001 | 0.082±0.008 | 1.07 [1.06,1.08] |

### Adaptation speed — steps to rolling-50 regret <= 1.5x own pre-change level + 0.01 (censored at 600), pooled over seeds; and 600-step post-change regret


**Track C**

| model | abrupt median steps [%censored] | abrupt post-600 regret | gradual median [%cens] | recurring return(t=2000) median [%cens] | shock post-return regret (t=2100) |
|---|---|---|---|---|---|
| adwin_bag | 600 [93%] | 0.440 | 0 [0%] | 0 [0%] | 0.053 |
| arf | 288 [7%] | 0.323 | 0 [0%] | 45 [0%] | 0.155 |
| bank_sgd_log | 600 [60%] | 0.162 | 0 [0%] | 39 [7%] | 0.029 |
| batch | 600 [100%] | 0.750 | 0 [0%] | 0 [0%] | 0.004 |
| frozen | 600 [100%] | 0.953 | 0 [0%] | 0 [0%] | 0.009 |
| hat | 600 [73%] | 0.460 | 0 [0%] | 0 [7%] | 0.124 |
| ht | 600 [93%] | 0.459 | 0 [0%] | 0 [0%] | 0.055 |
| pa_platt | 600 [100%] | 0.252 | 0 [0%] | 550 [33%] | 0.031 |
| pa_raw | 74 [0%] | 0.097 | 0 [0%] | 68 [0%] | 0.081 |
| reset_sgd_log | 600 [60%] | 0.144 | 0 [0%] | 415 [13%] | 0.075 |
| rolling | 266 [0%] | 0.173 | 0 [0%] | 263 [0%] | 0.057 |
| sgd_log | 144 [0%] | 0.106 | 0 [0%] | 133 [0%] | 0.053 |
| sgd_log_platt | 556 [27%] | 0.177 | 0 [0%] | 435 [0%] | 0.037 |

**Track R**

| model | abrupt median steps [%censored] | abrupt post-600 regret | gradual median [%cens] | recurring return(t=2000) median [%cens] | shock post-return regret (t=2100) |
|---|---|---|---|---|---|
| arf | 600 [100%] | 1.054 | 0 [0%] | 104 [0%] | 0.218 |
| bank_rls | 401 [7%] | 0.326 | 0 [0%] | 40 [0%] | 0.037 |
| batch | 600 [100%] | 1.659 | 0 [0%] | 0 [0%] | 0.004 |
| blr | 93 [0%] | 0.119 | 0 [0%] | 96 [0%] | 0.089 |
| frozen | 600 [100%] | 1.946 | 0 [0%] | 0 [0%] | 0.004 |
| hat | 128 [7%] | 0.279 | 0 [0%] | 127 [0%] | 0.117 |
| kalman | 402 [0%] | 0.288 | 0 [0%] | 342 [0%] | 0.065 |
| par_reg | 213 [0%] | 0.279 | 0 [0%] | 221 [0%] | 0.065 |
| reset_rls | 291 [0%] | 0.291 | 0 [0%] | 268 [0%] | 0.095 |
| rls | 219 [0%] | 0.193 | 0 [0%] | 204 [0%] | 0.079 |
| rolling | 134 [0%] | 0.230 | 0 [0%] | 141 [0%] | 0.154 |
| sgd_lin | 410 [0%] | 0.296 | 0 [0%] | 347 [0%] | 0.065 |

### Forgetting and recurring-state recovery (scenario `recurring`; probes at t=999 end-A1, 1999 end-B1, 2999 end-A2, 3999 end-B2)


**Track C** (probe loss on fixed probe set; C: KL(p_true||p_model), R: MSE vs true mean; ignorance level R=1.0, C≈see 05 )

| model | probeA end-A1 | probeA end-B1 (forgetting) | probeB end-B1 (plasticity) | probeA end-A2 (re-learned A) | return-cost ratio post600(t=2000)/post600(t=1000) | adapt steps t=2000 vs t=1000 |
|---|---|---|---|---|---|---|
| adwin_bag | 0.055 | 0.264 | 0.177 | 0.107 | 0.49 | 0 vs 600 |
| arf | 0.173 | 0.408 | 0.200 | 0.202 | 0.99 | 45 vs 207 |
| bank_sgd_log | 0.013 | 0.838 | 0.012 | 0.009 | 0.42 | 39 vs 431 |
| batch | 0.007 | 0.155 | 0.254 | 0.122 | 0.26 | 0 vs 600 |
| frozen | 0.010 | 0.010 | 0.994 | 0.010 | 0.01 | 0 vs 600 |
| hat | 0.053 | 0.420 | 0.240 | 0.102 | 0.73 | 0 vs 600 |
| ht | 0.057 | 0.297 | 0.212 | 0.129 | 0.57 | 0 vs 600 |
| pa_platt | 0.012 | 0.887 | 0.013 | 0.015 | 0.93 | 550 vs 600 |
| pa_raw | 0.063 | 0.824 | 0.047 | 0.052 | 1.02 | 68 vs 67 |
| reset_sgd_log | 0.014 | 0.831 | 0.013 | 0.014 | 1.04 | 415 vs 419 |
| rolling | 0.013 | 1.012 | 0.015 | 0.015 | 1.02 | 263 vs 260 |
| sgd_log | 0.028 | 1.105 | 0.021 | 0.024 | 1.00 | 133 vs 124 |
| sgd_log_platt | 0.013 | 1.038 | 0.011 | 0.011 | 0.97 | 435 vs 430 |

**Track R** (probe loss on fixed probe set; C: KL(p_true||p_model), R: MSE vs true mean; ignorance level R=1.0, C≈see 05 )

| model | probeA end-A1 | probeA end-B1 (forgetting) | probeB end-B1 (plasticity) | probeA end-A2 (re-learned A) | return-cost ratio post600(t=2000)/post600(t=1000) | adapt steps t=2000 vs t=1000 |
|---|---|---|---|---|---|---|
| arf | 0.181 | 1.207 | 0.425 | 0.430 | 0.82 | 104 vs 600 |
| bank_rls | 0.003 | 2.040 | 0.003 | 0.001 | 0.34 | 40 vs 373 |
| batch | 0.003 | 0.381 | 0.667 | 0.270 | 0.29 | 0 vs 600 |
| blr | 0.024 | 1.998 | 0.020 | 0.019 | 1.02 | 96 vs 93 |
| frozen | 0.004 | 0.004 | 2.040 | 0.004 | 0.00 | 0 vs 600 |
| hat | 0.048 | 2.031 | 0.064 | 0.053 | 1.01 | 127 vs 142 |
| kalman | 0.007 | 2.022 | 0.005 | 0.005 | 1.01 | 342 vs 380 |
| par_reg | 0.026 | 2.091 | 0.023 | 0.021 | 1.07 | 221 vs 204 |
| reset_rls | 0.003 | 2.040 | 0.002 | 0.002 | 0.99 | 268 vs 278 |
| rls | 0.012 | 2.017 | 0.009 | 0.009 | 1.02 | 204 vs 212 |
| rolling | 0.017 | 2.027 | 0.012 | 0.012 | 1.04 | 141 vs 140 |
| sgd_lin | 0.007 | 2.023 | 0.005 | 0.005 | 0.99 | 347 vs 407 |

### Variance, state growth, compute (all scenarios pooled)


**Track C**

| model | median CV of regret across seeds | worst-seed / median-seed regret (max over scenarios) | state bytes @1000 (median) | @4000 (median) | max growth ratio | learn µs/label | predict µs |
|---|---|---|---|---|---|---|---|
| adwin_bag | 0.15 | 1.8 | 323,429 | 821,538 | 3.89 | 377 | 116 |
| arf | 0.07 | 1.2 | 2,341,288 | 8,084,329 | 5.10 | 510 | 102 |
| bank_sgd_log | 0.10 | 1.7 | 20,145 | 20,401 | 1.03 | 20 | 4 |
| batch | 0.04 | 1.8 | 116,260 | 464,326 | 4.33 | 13 | 7 |
| frozen | 0.10 | 2.2 | 334 | 334 | 1.00 | 1 | 6 |
| hat | 0.16 | 1.6 | 69,087 | 165,306 | 4.72 | 83 | 31 |
| ht | 0.11 | 1.7 | 63,342 | 125,620 | 3.96 | 42 | 23 |
| pa_platt | 0.09 | 1.3 | 611 | 611 | 1.00 | 21 | 10 |
| pa_raw | 0.05 | 1.2 | 505 | 505 | 1.00 | 10 | 9 |
| reset_sgd_log | 0.09 | 1.6 | 19,698 | 19,826 | 1.04 | 12 | 4 |
| rolling | 0.09 | 1.3 | 35,169 | 35,169 | 1.00 | 88 | 8 |
| sgd_log | 0.07 | 1.5 | 788 | 788 | 1.00 | 7 | 4 |
| sgd_log_platt | 0.08 | 1.3 | 894 | 894 | 1.00 | 17 | 10 |

**Track R**

| model | median CV of regret across seeds | worst-seed / median-seed regret (max over scenarios) | state bytes @1000 (median) | @4000 (median) | max growth ratio | learn µs/label | predict µs |
|---|---|---|---|---|---|---|---|
| arf | 0.07 | 1.4 | 564,170 | 2,126,360 | 4.70 | 1135 | 114 |
| bank_rls | 0.10 | 2.1 | 20,428 | 21,962 | 1.11 | 19 | 2 |
| batch | 0.04 | 2.1 | 116,247 | 464,313 | 4.33 | 2 | 2 |
| blr | 0.07 | 1.6 | 1,693 | 1,693 | 1.00 | 22 | 7 |
| frozen | 0.05 | 2.5 | 313 | 313 | 1.00 | 0 | 1 |
| hat | 0.17 | 2.7 | 159,369 | 275,844 | 5.87 | 320 | 13 |
| kalman | 0.09 | 1.5 | 838 | 838 | 1.00 | 13 | 2 |
| par_reg | 0.08 | 1.3 | 649 | 649 | 1.00 | 11 | 4 |
| reset_rls | 0.15 | 2.0 | 19,645 | 19,773 | 1.03 | 15 | 2 |
| rls | 0.09 | 1.5 | 841 | 841 | 1.00 | 11 | 1 |
| rolling | 0.09 | 1.5 | 17,755 | 17,755 | 1.00 | 3 | 1 |
| sgd_lin | 0.09 | 1.4 | 693 | 693 | 1.00 | 6 | 3 |

### Track C realised accuracy and log-loss (held-out, post burn-in) — context for the KL numbers

| model | abrupt | gradual | recurring | shock | random_walk | abrupt_missing | abrupt_delayed | abrupt_nonlinear | stationary | false_drift |
|---|---|---|---|---|---|---|---|---|---|---|
| adwin_bag | 0.734 / 0.534 | 0.740 / 0.525 | 0.724 / 0.548 | 0.810 / 0.431 | 0.752 / 0.507 | 0.674 / 0.631 | 0.729 / 0.546 | 0.592 / 0.673 | 0.818 / 0.418 | 0.817 / 0.434 |
| arf | 0.718 / 0.559 | 0.706 / 0.571 | 0.671 / 0.610 | 0.752 / 0.519 | 0.703 / 0.574 | 0.675 / 0.607 | 0.706 / 0.575 | 0.630 / 0.645 | 0.755 / 0.514 | 0.762 / 0.505 |
| bank_sgd_log | 0.819 / 0.402 | 0.823 / 0.388 | 0.815 / 0.411 | 0.823 / 0.389 | 0.808 / 0.409 | 0.799 / 0.457 | 0.813 / 0.424 | 0.619 / 0.655 | 0.832 / 0.368 | 0.840 / 0.350 |
| batch | 0.701 / 0.619 | 0.715 / 0.587 | 0.689 / 0.627 | 0.827 / 0.389 | 0.738 / 0.531 | 0.660 / 0.758 | 0.699 / 0.637 | 0.586 / 0.676 | 0.835 / 0.361 | 0.843 / 0.342 |
| frozen | 0.643 / 0.918 | 0.645 / 0.905 | 0.644 / 0.913 | 0.824 / 0.392 | 0.670 / 0.746 | 0.638 / 0.977 | 0.634 / 0.925 | 0.554 / 0.719 | 0.833 / 0.367 | 0.838 / 0.351 |
| hat | 0.766 / 0.525 | 0.761 / 0.525 | 0.704 / 0.603 | 0.801 / 0.464 | 0.749 / 0.537 | 0.688 / 0.673 | 0.751 / 0.561 | 0.601 / 0.705 | 0.812 / 0.436 | 0.804 / 0.476 |
| ht | 0.726 / 0.567 | 0.738 / 0.542 | 0.709 / 0.587 | 0.809 / 0.448 | 0.747 / 0.527 | 0.667 / 0.660 | 0.715 / 0.588 | 0.589 / 0.699 | 0.817 / 0.432 | 0.811 / 0.466 |
| pa_platt | 0.804 / 0.419 | 0.816 / 0.397 | 0.769 / 0.482 | 0.822 / 0.390 | 0.803 / 0.419 | 0.754 / 0.506 | 0.797 / 0.445 | 0.619 / 0.652 | 0.831 / 0.368 | 0.840 / 0.350 |
| pa_raw | 0.799 / 0.422 | 0.807 / 0.411 | 0.798 / 0.433 | 0.803 / 0.419 | 0.801 / 0.420 | 0.796 / 0.435 | 0.797 / 0.441 | 0.585 / 0.720 | 0.810 / 0.408 | 0.818 / 0.391 |
| reset_sgd_log | 0.820 / 0.400 | 0.823 / 0.388 | 0.806 / 0.437 | 0.822 / 0.397 | 0.808 / 0.410 | 0.803 / 0.447 | 0.814 / 0.421 | 0.619 / 0.655 | 0.832 / 0.369 | 0.839 / 0.356 |
| rolling | 0.811 / 0.407 | 0.823 / 0.385 | 0.787 / 0.454 | 0.817 / 0.397 | 0.807 / 0.415 | 0.785 / 0.457 | 0.806 / 0.429 | 0.619 / 0.657 | 0.828 / 0.373 | 0.838 / 0.353 |
| sgd_log | 0.817 / 0.402 | 0.823 / 0.387 | 0.808 / 0.422 | 0.818 / 0.398 | 0.815 / 0.402 | 0.805 / 0.429 | 0.810 / 0.429 | 0.602 / 0.692 | 0.826 / 0.382 | 0.832 / 0.375 |
| sgd_log_platt | 0.812 / 0.404 | 0.822 / 0.388 | 0.786 / 0.450 | 0.823 / 0.386 | 0.808 / 0.411 | 0.776 / 0.463 | 0.805 / 0.429 | 0.617 / 0.654 | 0.832 / 0.368 | 0.840 / 0.350 |
{
 "seeds": [
  1,
  2,
  3,
  4,
  5,
  6,
  7,
  8,
  9,
  10,
  11,
  12,
  13,
  14,
  15
 ],
 "best_simple_by_tuning": {
  "C": "rolling",
  "R": "rolling"
 },
 "best_incremental_by_tuning": {
  "C": "bank_sgd_log",
  "R": "hat"
 },
 "criteria": {
  "C": {
   "adwin_bag": false,
   "arf": false,
   "bank_sgd_log": true,
   "hat": false,
   "ht": false,
   "pa_platt": false,
   "pa_raw": false,
   "reset_sgd_log": false,
   "sgd_log": false,
   "sgd_log_platt": false
  },
  "R": {
   "arf": false,
   "bank_rls": false,
   "blr": false,
   "hat": false,
   "kalman": false,
   "par_reg": false,
   "reset_rls": false,
   "rls": true,
   "sgd_lin": false
  }
 },
 "heldout_geomean_regret_drift": {
  "C": {
   "adwin_bag": 0.17681393322224975,
   "arf": 0.2222734626735642,
   "bank_sgd_log": 0.05940408363283909,
   "batch": 0.20565368366926862,
   "frozen": 0.36456668031338646,
   "hat": 0.2021026632303173,
   "ht": 0.20545864467617878,
   "pa_platt": 0.08025828965704435,
   "pa_raw": 0.08101821294811515,
   "reset_sgd_log": 0.06236295403909524,
   "rolling": 0.06710428477790362,
   "sgd_log": 0.06055490717861685,
   "sgd_log_platt": 0.06459732905305413
  },
  "R": {
   "arf": 0.5427076769633641,
   "bank_rls": 0.129789893521193,
   "batch": 0.5434919178902113,
   "blr": 0.0819491710459328,
   "frozen": 0.8389947728629913,
   "hat": 0.18610707630307455,
   "kalman": 0.11022745698147883,
   "par_reg": 0.12417194703818336,
   "reset_rls": 0.13247028864074564,
   "rls": 0.0892283889880687,
   "rolling": 0.10540853558028256,
   "sgd_lin": 0.11232670500303002
  }
 },
 "best_simple_heldout": {
  "C": "rolling",
  "R": "rolling"
 },
 "best_incremental_heldout": {
  "C": "bank_sgd_log",
  "R": "blr"
 },
 "tuning_vs_heldout_spearman": {
  "C": 0.9725274725274725,
  "R": 0.7202797202797203
 },
 "negative_control_cheater_detected": true
}
