BTC cm_exchange_flows [('ret', 0.105), ('lrange', 0.024), ('absret', 0.657)]
BTC cm_active_addresses [('ret', 0.299), ('lrange', 0.178), ('absret', 0.775)]
BTC cm_tx_count [('ret', 0.745), ('lrange', 0.789), ('absret', 0.065)]
BTC cm_hashrate [('ret', 0.033), ('lrange', 0.419), ('absret', 0.601)]
BTC cm_mvrv_CONTROL_price_derived [('ret', 0.718), ('lrange', 0.274), ('absret', 0.177)]
BTC bc_tx_count [('ret', 0.816), ('lrange', 0.881), ('absret', 0.175)]
BTC bc_mempool_size [('ret', 0.23), ('lrange', 0.671), ('absret', 0.53)]
BTC bc_tx_fees_btc [('ret', 0.098), ('lrange', 0.497), ('absret', 0.152)]
BTC bc_unique_addresses [('ret', 0.727), ('lrange', 0.166), ('absret', 0.752)]
BTC deribit_dvol_CONTROL_implied_vol [('ret', 0.024), ('lrange', 0.0), ('absret', 0.0)]
BTC cftc_tff_btc_cme [('ret', 0.351), ('lrange', 0.26), ('absret', 0.552)]
BTC llama_stablecoin_supply [('ret', 0.313), ('lrange', 0.852), ('absret', 0.537)]
BTC llama_dex_volume [('ret', 0.279), ('lrange', 0.013), ('absret', 0.056)]
BTC alternative_me_fear_greed [('ret', 0.151), ('lrange', 0.065), ('absret', 0.026)]
BTC treasury_tga_liquidity [('ret', 0.188), ('lrange', 0.189), ('absret', 0.012)]
BTC nyfed_reverse_repo [('ret', 0.109), ('lrange', 0.024), ('absret', 0.031)]
BTC wikipedia_pageviews_Bitcoin [('ret', 0.293), ('lrange', 0.031), ('absret', 0.156)]
BTC npm_downloads_npm_bitcoinjs-lib [('ret', 0.124), ('lrange', 0.234), ('absret', 0.557)]
BTC binance_um_positioning_ratios [('ret', 0.514), ('lrange', 0.069), ('absret', 0.019)]
BTC CONTROL_noise_A [('ret', 0.868), ('lrange', 0.456), ('absret', 0.91)]
BTC CONTROL_noise_B [('ret', 0.196), ('lrange', 0.587), ('absret', 0.835)]
BTC CONTROL_price_derived_drawdown_mom [('ret', 0.782), ('lrange', 0.185), ('absret', 0.432)]
ETH cm_exchange_flows [('ret', 0.253), ('lrange', 0.412), ('absret', 0.871)]
ETH cm_active_addresses [('ret', 0.835), ('lrange', 0.174), ('absret', 0.051)]
ETH cm_tx_count [('ret', 0.031), ('lrange', 0.829), ('absret', 0.92)]
ETH llama_stablecoin_supply [('ret', 0.572), ('lrange', 0.096), ('absret', 0.3)]
ETH llama_dex_volume [('ret', 0.284), ('lrange', 0.807), ('absret', 0.673)]
ETH alternative_me_fear_greed [('ret', 0.44), ('lrange', 0.095), ('absret', 0.482)]
ETH treasury_tga_liquidity [('ret', 0.199), ('lrange', 0.392), ('absret', 0.21)]
ETH nyfed_reverse_repo [('ret', 0.235), ('lrange', 0.911), ('absret', 0.576)]
ETH wikipedia_pageviews_Ethereum [('ret', 0.731), ('lrange', 0.551), ('absret', 0.849)]
ETH npm_downloads_npm_ethers [('ret', 0.006), ('lrange', 0.201), ('absret', 0.705)]
ETH npm_downloads_npm_solana_web3.js [('ret', 0.034), ('lrange', 0.338), ('absret', 0.762)]
ETH npm_downloads_npm_web3 [('ret', 0.49), ('lrange', 0.067), ('absret', 0.545)]
ETH binance_um_positioning_ratios [('ret', 0.17), ('lrange', 0.464), ('absret', 0.526)]
ETH CONTROL_noise_A [('ret', 0.881), ('lrange', 0.071), ('absret', 0.393)]
ETH CONTROL_noise_B [('ret', 0.875), ('lrange', 0.633), ('absret', 0.879)]
ETH CONTROL_price_derived_drawdown_mom [('ret', 0.057), ('lrange', 0.114), ('absret', 0.333)]
saved 186
