BTC cm_exchange_flows [('ret', 0.146), ('lrange', 0.0), ('absret', 0.109)]
BTC cm_active_addresses [('ret', 0.77), ('lrange', 0.0), ('absret', 0.094)]
BTC cm_tx_count [('ret', 0.833), ('lrange', 0.008), ('absret', 0.003)]
BTC cm_hashrate [('ret', 0.033), ('lrange', 0.352), ('absret', 0.646)]
BTC cm_mvrv_CONTROL_price_derived [('ret', 0.68), ('lrange', 0.683), ('absret', 0.505)]
BTC bc_tx_count [('ret', 0.893), ('lrange', 0.028), ('absret', 0.014)]
BTC bc_mempool_size [('ret', 0.336), ('lrange', 0.39), ('absret', 0.79)]
BTC bc_tx_fees_btc [('ret', 0.145), ('lrange', 0.0), ('absret', 0.001)]
BTC bc_unique_addresses [('ret', 0.958), ('lrange', 0.0), ('absret', 0.006)]
BTC deribit_dvol_CONTROL_implied_vol [('ret', 0.006), ('lrange', 0.0), ('absret', 0.0)]
BTC cftc_tff_btc_cme [('ret', 0.342), ('lrange', 0.403), ('absret', 0.524)]
BTC llama_stablecoin_supply [('ret', 0.345), ('lrange', 0.713), ('absret', 0.642)]
BTC llama_dex_volume [('ret', 0.246), ('lrange', 0.162), ('absret', 0.225)]
BTC alternative_me_fear_greed [('ret', 0.191), ('lrange', 0.254), ('absret', 0.08)]
BTC treasury_tga_liquidity [('ret', 0.111), ('lrange', 0.007), ('absret', 0.002)]
BTC nyfed_reverse_repo [('ret', 0.098), ('lrange', 0.043), ('absret', 0.022)]
BTC wikipedia_pageviews_Bitcoin [('ret', 0.337), ('lrange', 0.267), ('absret', 0.335)]
BTC npm_downloads_npm_bitcoinjs-lib [('ret', 0.619), ('lrange', 0.0), ('absret', 0.0)]
BTC binance_um_positioning_ratios [('ret', 0.411), ('lrange', 0.008), ('absret', 0.004)]
BTC CONTROL_noise_A [('ret', 0.866), ('lrange', 0.428), ('absret', 0.788)]
BTC CONTROL_noise_B [('ret', 0.178), ('lrange', 0.848), ('absret', 0.966)]
BTC CONTROL_price_derived_drawdown_mom [('ret', 0.768), ('lrange', 0.084), ('absret', 0.306)]
ETH cm_exchange_flows [('ret', 0.252), ('lrange', 0.0), ('absret', 0.273)]
ETH cm_active_addresses [('ret', 0.829), ('lrange', 0.032), ('absret', 0.026)]
ETH cm_tx_count [('ret', 0.066), ('lrange', 0.001), ('absret', 0.618)]
ETH llama_stablecoin_supply [('ret', 0.546), ('lrange', 0.384), ('absret', 0.365)]
ETH llama_dex_volume [('ret', 0.254), ('lrange', 0.055), ('absret', 0.516)]
ETH alternative_me_fear_greed [('ret', 0.431), ('lrange', 0.536), ('absret', 0.564)]
ETH treasury_tga_liquidity [('ret', 0.101), ('lrange', 0.063), ('absret', 0.061)]
ETH nyfed_reverse_repo [('ret', 0.223), ('lrange', 0.72), ('absret', 0.898)]
ETH wikipedia_pageviews_Ethereum [('ret', 0.647), ('lrange', 0.003), ('absret', 0.457)]
ETH npm_downloads_npm_ethers [('ret', 0.459), ('lrange', 0.0), ('absret', 0.064)]
ETH npm_downloads_npm_solana_web3.js [('ret', 0.286), ('lrange', 0.0), ('absret', 0.027)]
ETH npm_downloads_npm_web3 [('ret', 0.857), ('lrange', 0.0), ('absret', 0.033)]
ETH binance_um_positioning_ratios [('ret', 0.259), ('lrange', 0.245), ('absret', 0.301)]
ETH CONTROL_noise_A [('ret', 0.867), ('lrange', 0.196), ('absret', 0.515)]
ETH CONTROL_noise_B [('ret', 0.839), ('lrange', 0.686), ('absret', 0.896)]
ETH CONTROL_price_derived_drawdown_mom [('ret', 0.052), ('lrange', 0.123), ('absret', 0.354)]
saved 186
