                                        cand series  offset_days     n       first        last  coef_s     t_s  p_incr
0     crude_surprise_vs_WTI|placebo_Mon(-2d)    WTI            3  1027  2007-01-02  2026-09-21 -0.0002 -0.2036  0.8386
1     crude_surprise_vs_WTI|placebo_Tue(-1d)    WTI            4  1027  2007-01-02  2026-09-22 -0.0016 -2.0714  0.0383
2             crude_surprise_vs_WTI|true_Wed    WTI            5  1026  2007-01-03  2026-09-16 -0.0042 -5.3204  0.0000
3     crude_surprise_vs_WTI|placebo_Fri(+2d)    WTI            7  1026  2007-01-05  2026-09-18  0.0004  0.5140  0.6072
4  crude_surprise_vs_WTI|placebo_Mon_next_wk    WTI           12  1026  2007-01-03  2026-09-16  0.0009  1.0560  0.2910
5            crude_surprise_vs_WTI|2007-2014    WTI            5   417  2007-01-03  2014-12-31 -0.0044 -4.1107  0.0000
6            crude_surprise_vs_WTI|2015-2020    WTI            5   312  2015-01-07  2020-12-30 -0.0072 -4.4543  0.0000
7            crude_surprise_vs_WTI|2021-2026    WTI            5   297  2021-01-13  2026-09-16 -0.0015 -1.1139  0.2653
0                    crude_surprise_vs_BRENT  Brent            5  1026  2007-01-03  2026-09-16 -0.0040 -6.0276  0.0000
                                    cand            target  coef_s  p_incr    q_bh  oos_gain_pct  dm_p_onesided
0        eia_crude_stock_surprise_vs_WTI     release_day:y -0.0042  0.0000  0.0000        2.4964         0.0584
1        eia_crude_stock_surprise_vs_WTI  release_day:absy -0.0003  0.6503  0.8392       -0.1899         0.7771
2        eia_crude_stock_surprise_vs_WTI        next_day:y -0.0001  0.8612  0.8632       -0.2052         0.7711
3        eia_crude_stock_surprise_vs_WTI     next_day:absy  0.0002  0.6993  0.8392       -0.2840         0.8443
4   eia_gas_storage_surprise_vs_HenryHub     release_day:y  0.0060  0.0255  0.0764        1.4366         0.1342
5   eia_gas_storage_surprise_vs_HenryHub  release_day:absy  0.0009  0.5783  0.8392       -0.1178         0.6699
6   eia_gas_storage_surprise_vs_HenryHub        next_day:y  0.0018  0.5405  0.8392       -0.3943         0.9993
7   eia_gas_storage_surprise_vs_HenryHub     next_day:absy -0.0051  0.0146  0.0758        1.3052         0.1732
8     cpc_hdd_weekly_anomaly_vs_HenryHub     release_day:y -0.0098  0.0190  0.0758        1.6801         0.0755
9     cpc_hdd_weekly_anomaly_vs_HenryHub  release_day:absy  0.0039  0.1388  0.3332        0.3180         0.3148
10    cpc_hdd_weekly_anomaly_vs_HenryHub        next_day:y -0.0034  0.1783  0.3566        0.0469         0.4461
11    cpc_hdd_weekly_anomaly_vs_HenryHub     next_day:absy -0.0003  0.8632  0.8632       -0.8776         0.9073
